[aiapp.vidnoz.com/image/img/window_ask.png]
[aiapp.vidnoz.com/image/img/window_close.png]
[aiapp.vidnoz.com/image/img/selected_delete.png]
[aiapp.vidnoz.com/image/img/selected_restore.png]
[aiapp.vidnoz.com/image/img/selected_download.png]
[aiapp.vidnoz.com/image/img/window_hint.png]
[backblue.gif]
[fade.gif]
[index.html]
[aiapp.vidnoz.com/assets/main-329670d4.js]
[aiapp.vidnoz.com/assets/fabric-d1db407f.js]
[aiapp.vidnoz.com/assets/sentry-604fb4c0.js]
[aiapp.vidnoz.com/assets/init-component-6e97d311.js]
[aiapp.vidnoz.com/assets/switch-pro-d3fb1dc8.js]
[aiapp.vidnoz.com/assets/index-018ba728.js]
[aiapp.vidnoz.com/assets/swiper.min-e80c9f31.js]
[aiapp.vidnoz.com/image/img/ico_upload.png]
[aiapp.vidnoz.com/image/img/creat_avatar.png]
[aiapp.vidnoz.com/index.html]
[aiapp.vidnoz.com/image/svg/check_box_white_select.svg]
[aiapp.vidnoz.com/image/svg/check_box_white.svg]
[aiapp.vidnoz.com/image/svg/check_box_white_hover.svg]
[aiapp.vidnoz.com/fonts/Roboto-Light.ttf]
[aiapp.vidnoz.com/fonts/Roboto-Regular.ttf]
[aiapp.vidnoz.com/fonts/Roboto-Medium.ttf]
[aiapp.vidnoz.com/fonts/Roboto-Bold.ttf]
[aiapp.vidnoz.com/temp/template_banner_bg.png]
[aiapp.vidnoz.com/image/img/avatar_edit.png]
[aiapp.vidnoz.com/image/img/video_banner_bg.png]
[aiapp.vidnoz.com/image/img/upload_image.png]
[aiapp.vidnoz.com/image/img/upload_video.png]
[aiapp.vidnoz.com/image/img/upload_music.png]
[aiapp.vidnoz.com/image/img/close_small.png]
[aiapp.vidnoz.com/assets/init-component-d6262068.css]
[aiapp.vidnoz.com/assets/swiper-5db3b8d3.css]
[aiapp.vidnoz.com/image/svg/home_layout_computer.svg]
[aiapp.vidnoz.com/image/svg/home_layout_phone.svg]
[aiapp.vidnoz.com/image/svg/assrt_upload-gray.svg]
[aiapp.vidnoz.com/image/svg/assrt_upload-on.svg]
[aiapp.vidnoz.com/image/svg/ico_return.svg]
[aiapp.vidnoz.com/image/svg/home-landscape.svg]
[aiapp.vidnoz.com/image/svg/home-portrait.svg]
[aiapp.vidnoz.com/image/svg/blank_landscape-hover.svg]
[aiapp.vidnoz.com/image/svg/blank_portrait-hover.svg]
[aiapp.vidnoz.com/image/svg/home-landscape-on.svg]
[aiapp.vidnoz.com/image/svg/home-portrait-on.svg]
[aiapp.vidnoz.com/image/svg/edit_sound.svg]
[aiapp.vidnoz.com/image/svg/edit_sound_on.svg]
[aiapp.vidnoz.com/image/svg/edit_sound_stop.svg]
[aiapp.vidnoz.com/image/svg/avater_view_half_body.svg]
[aiapp.vidnoz.com/image/svg/edit_half_body.svg]
[aiapp.vidnoz.com/image/svg/edit_circular_head.svg]
[aiapp.vidnoz.com/image/svg/edit_circular_head_on.svg]
[aiapp.vidnoz.com/image/svg/edit_quadrate_head.svg]
[aiapp.vidnoz.com/image/svg/edit_quadrate_head_on.svg]
[aiapp.vidnoz.com/image/svg/edit_preview.svg]
[aiapp.vidnoz.com/image/svg/edit_preview_stop.svg]
[aiapp.vidnoz.com/image/svg/edit_generate.svg]
[aiapp.vidnoz.com/image/svg/avater_create.svg]
[aiapp.vidnoz.com/image/svg/avatar_blank_landscape.svg]
[aiapp.vidnoz.com/image/svg/avatar_blank_portrait.svg]
[aiapp.vidnoz.com/image/svg/blank_landscape_on.svg]
[aiapp.vidnoz.com/image/svg/blank_portrait_on.svg]
[aiapp.vidnoz.com/image/svg/avatar_edit.svg]
[aiapp.vidnoz.com/image/svg/close_small.svg]
[aiapp.vidnoz.com/image/svg/video_library_menu.svg]
[aiapp.vidnoz.com/image/svg/video_library_download.svg]
[aiapp.vidnoz.com/image/svg/video_library_edit.svg]
[aiapp.vidnoz.com/image/svg/asset-arrow.svg]
[aiapp.vidnoz.com/image/svg/close_small_black.svg]
[aiapp.vidnoz.com/image/svg/window_close.svg]
[aiapp.vidnoz.com/image/svg/video_play_black.svg]
[aiapp.vidnoz.com/image/svg/video_pause_black.svg]
